// Jest Snapshot v1, https://goo.gl/fbAQLP

exports[`FinderListDropZone should match if drag enter and is dragging 1`] = `<div class="drop-zone drag-over"></div>`;

exports[`FinderListDropZone should match if drag enter and not dragging 1`] = `<div class="drop-zone"></div>`;

exports[`FinderListDropZone should match if drag leave and is dragging 1`] = `<div class="drop-zone"></div>`;

exports[`FinderListDropZone should match if drag leave and not dragging 1`] = `<div class="drop-zone"></div>`;

exports[`FinderListDropZone should match snapshot 1`] = `<div class="drop-zone"></div>`;
